Archive member included to satisfy reference by file (symbol)

c:/program files (x86)/atmel/studio/7.0/toolchain/avr8/avr8-gnu-toolchain/bin/../lib/gcc/avr/5.4.0/avr4\libgcc.a(_udivmodhi4.o)
                              src/kumeskapisi.o (__udivmodhi4)
c:/program files (x86)/atmel/studio/7.0/toolchain/avr8/avr8-gnu-toolchain/bin/../lib/gcc/avr/5.4.0/avr4\libgcc.a(_exit.o)
                              C:/Program Files (x86)/Atmel/Studio/7.0/Packs/Atmel/ATmega_DFP/1.3.300/gcc/dev/atmega8a/avr4/crtatmega8a.o (exit)
c:/program files (x86)/atmel/studio/7.0/toolchain/avr8/avr8-gnu-toolchain/bin/../lib/gcc/avr/5.4.0/avr4\libgcc.a(_copy_data.o)
                              src/kumeskapisi.o (__do_copy_data)
c:/program files (x86)/atmel/studio/7.0/toolchain/avr8/avr8-gnu-toolchain/bin/../lib/gcc/avr/5.4.0/avr4\libgcc.a(_clear_bss.o)
                              main.o (__do_clear_bss)
c:/program files (x86)/atmel/studio/7.0/toolchain/avr8/avr8-gnu-toolchain/bin/../lib/gcc/avr/5.4.0/../../../../avr/lib/avr4\libc.a(itoa_ncheck.o)
                              src/kumeskapisi.o (__itoa_ncheck)
c:/program files (x86)/atmel/studio/7.0/toolchain/avr8/avr8-gnu-toolchain/bin/../lib/gcc/avr/5.4.0/../../../../avr/lib/avr4\libc.a(utoa_ncheck.o)
                              c:/program files (x86)/atmel/studio/7.0/toolchain/avr8/avr8-gnu-toolchain/bin/../lib/gcc/avr/5.4.0/../../../../avr/lib/avr4\libc.a(itoa_ncheck.o) (__utoa_common)
c:/program files (x86)/atmel/studio/7.0/toolchain/avr8/avr8-gnu-toolchain/bin/../lib/gcc/avr/5.4.0/../../../../avr/lib/avr4\libc.a(strrev.o)
                              c:/program files (x86)/atmel/studio/7.0/toolchain/avr8/avr8-gnu-toolchain/bin/../lib/gcc/avr/5.4.0/../../../../avr/lib/avr4\libc.a(utoa_ncheck.o) (strrev)

Allocating common symbols
Common symbol       size              file

isikSeviyesi        0x2               main.o
sayac_motorAdim     0x1               main.o
sayacGece           0x1               main.o
ledPeriyot          0x1               main.o
motor1_sikisma      0x1               main.o
sayacTest           0x1               main.o
birSaniye           0x1               main.o
durumLed            0x1               main.o
motor1_yon          0x1               main.o
sayacEmniyet        0x1               main.o
sayac_motor1_sikisma
                    0x1               main.o
motor1_sikisma_yon  0x1               main.o
calismaModu         0x1               main.o
sayactimer0         0x1               main.o
gunduzDurumu        0x1               main.o
durum0              0x1               main.o
onceki_sayac_motorAdim
                    0x1               main.o
sayacGunduz         0x1               main.o
anahtarKonumu       0x1               main.o

Discarded input sections

 .data          0x00000000        0x0 C:/Program Files (x86)/Atmel/Studio/7.0/Packs/Atmel/ATmega_DFP/1.3.300/gcc/dev/atmega8a/avr4/crtatmega8a.o
 .bss           0x00000000        0x0 C:/Program Files (x86)/Atmel/Studio/7.0/Packs/Atmel/ATmega_DFP/1.3.300/gcc/dev/atmega8a/avr4/crtatmega8a.o
 .text          0x00000000        0x0 main.o
 .data          0x00000000        0x0 main.o
 .bss           0x00000000        0x0 main.o
 .text          0x00000000        0x0 src/adc_basic.o
 .data          0x00000000        0x0 src/adc_basic.o
 .bss           0x00000000        0x0 src/adc_basic.o
 .text.ADC_enable
                0x00000000        0x4 src/adc_basic.o
 .text.ADC_disable
                0x00000000        0x4 src/adc_basic.o
 .text.ADC_get_resolution
                0x00000000        0x4 src/adc_basic.o
 .text          0x00000000        0x0 src/dcmotor.o
 .data          0x00000000        0x0 src/dcmotor.o
 .bss           0x00000000        0x0 src/dcmotor.o
 .text.motor1_acil_dur
                0x00000000        0x8 src/dcmotor.o
 .text.motor2_ileri
                0x00000000        0x8 src/dcmotor.o
 .text.motor2_geri
                0x00000000        0x8 src/dcmotor.o
 .text.motor2_dur
                0x00000000        0x4 src/dcmotor.o
 .text.motor2_acil_dur
                0x00000000        0x8 src/dcmotor.o
 .text.motor2_enable
                0x00000000        0xa src/dcmotor.o
 .text          0x00000000        0x0 src/driver.o
 .data          0x00000000        0x0 src/driver.o
 .bss           0x00000000        0x0 src/driver.o
 .text          0x00000000        0x0 src/kumeskapisi.o
 .data          0x00000000        0x0 src/kumeskapisi.o
 .bss           0x00000000        0x0 src/kumeskapisi.o
 .data.calismaModlari
                0x00000000        0x5 src/kumeskapisi.o
 .text          0x00000000        0x0 src/system.o
 .data          0x00000000        0x0 src/system.o
 .bss           0x00000000        0x0 src/system.o
 .text.timer2_init
                0x00000000        0xe src/system.o
 .text          0x00000000        0x0 src/test.o
 .data          0x00000000        0x0 src/test.o
 .bss           0x00000000        0x0 src/test.o
 .text.motor1_ileriTest
                0x00000000       0x2c src/test.o
 .debug_info    0x00000000      0x26c src/test.o
 .debug_abbrev  0x00000000       0x90 src/test.o
 .debug_loc     0x00000000       0x35 src/test.o
 .debug_aranges
                0x00000000       0x20 src/test.o
 .debug_ranges  0x00000000       0x10 src/test.o
 .debug_line    0x00000000       0xfa src/test.o
 .debug_str     0x00000000      0x2cc src/test.o
 .comment       0x00000000       0x31 src/test.o
 .debug_frame   0x00000000       0x2c src/test.o
 .text          0x00000000        0x0 src/uart.o
 .data          0x00000000        0x0 src/uart.o
 .bss           0x00000000        0x0 src/uart.o
 .text.uart_getc
                0x00000000       0x3c src/uart.o
 .text.uart_puts_p
                0x00000000       0x22 src/uart.o
 .text          0x00000000        0x0 c:/program files (x86)/atmel/studio/7.0/toolchain/avr8/avr8-gnu-toolchain/bin/../lib/gcc/avr/5.4.0/avr4\libgcc.a(_udivmodhi4.o)
 .data          0x00000000        0x0 c:/program files (x86)/atmel/studio/7.0/toolchain/avr8/avr8-gnu-toolchain/bin/../lib/gcc/avr/5.4.0/avr4\libgcc.a(_udivmodhi4.o)
 .bss           0x00000000        0x0 c:/program files (x86)/atmel/studio/7.0/toolchain/avr8/avr8-gnu-toolchain/bin/../lib/gcc/avr/5.4.0/avr4\libgcc.a(_udivmodhi4.o)
 .text.libgcc.mul
                0x00000000        0x0 c:/program files (x86)/atmel/studio/7.0/toolchain/avr8/avr8-gnu-toolchain/bin/../lib/gcc/avr/5.4.0/avr4\libgcc.a(_udivmodhi4.o)
 .text.libgcc   0x00000000        0x0 c:/program files (x86)/atmel/studio/7.0/toolchain/avr8/avr8-gnu-toolchain/bin/../lib/gcc/avr/5.4.0/avr4\libgcc.a(_udivmodhi4.o)
 .text.libgcc.prologue
                0x00000000        0x0 c:/program files (x86)/atmel/studio/7.0/toolchain/avr8/avr8-gnu-toolchain/bin/../lib/gcc/avr/5.4.0/avr4\libgcc.a(_udivmodhi4.o)
 .text.libgcc.builtins
                0x00000000        0x0 c:/program files (x86)/atmel/studio/7.0/toolchain/avr8/avr8-gnu-toolchain/bin/../lib/gcc/avr/5.4.0/avr4\libgcc.a(_udivmodhi4.o)
 .text.libgcc.fmul
                0x00000000        0x0 c:/program files (x86)/atmel/studio/7.0/toolchain/avr8/avr8-gnu-toolchain/bin/../lib/gcc/avr/5.4.0/avr4\libgcc.a(_udivmodhi4.o)
 .text.libgcc.fixed
                0x00000000        0x0 c:/program files (x86)/atmel/studio/7.0/toolchain/avr8/avr8-gnu-toolchain/bin/../lib/gcc/avr/5.4.0/avr4\libgcc.a(_udivmodhi4.o)
 .text          0x00000000        0x0 c:/program files (x86)/atmel/studio/7.0/toolchain/avr8/avr8-gnu-toolchain/bin/../lib/gcc/avr/5.4.0/avr4\libgcc.a(_exit.o)
 .data          0x00000000        0x0 c:/program files (x86)/atmel/studio/7.0/toolchain/avr8/avr8-gnu-toolchain/bin/../lib/gcc/avr/5.4.0/avr4\libgcc.a(_exit.o)
 .bss           0x00000000        0x0 c:/program files (x86)/atmel/studio/7.0/toolchain/avr8/avr8-gnu-toolchain/bin/../lib/gcc/avr/5.4.0/avr4\libgcc.a(_exit.o)
 .text.libgcc.mul
                0x00000000        0x0 c:/program files (x86)/atmel/studio/7.0/toolchain/avr8/avr8-gnu-toolchain/bin/../lib/gcc/avr/5.4.0/avr4\libgcc.a(_exit.o)
 .text.libgcc.div
                0x00000000        0x0 c:/program files (x86)/atmel/studio/7.0/toolchain/avr8/avr8-gnu-toolchain/bin/../lib/gcc/avr/5.4.0/avr4\libgcc.a(_exit.o)
 .text.libgcc   0x00000000        0x0 c:/program files (x86)/atmel/studio/7.0/toolchain/avr8/avr8-gnu-toolchain/bin/../lib/gcc/avr/5.4.0/avr4\libgcc.a(_exit.o)
 .text.libgcc.prologue
                0x00000000        0x0 c:/program files (x86)/atmel/studio/7.0/toolchain/avr8/avr8-gnu-toolchain/bin/../lib/gcc/avr/5.4.0/avr4\libgcc.a(_exit.o)
 .text.libgcc.builtins
                0x00000000        0x0 c:/program files (x86)/atmel/studio/7.0/toolchain/avr8/avr8-gnu-toolchain/bin/../lib/gcc/avr/5.4.0/avr4\libgcc.a(_exit.o)
 .text.libgcc.fmul
                0x00000000        0x0 c:/program files (x86)/atmel/studio/7.0/toolchain/avr8/avr8-gnu-toolchain/bin/../lib/gcc/avr/5.4.0/avr4\libgcc.a(_exit.o)
 .text.libgcc.fixed
                0x00000000        0x0 c:/program files (x86)/atmel/studio/7.0/toolchain/avr8/avr8-gnu-toolchain/bin/../lib/gcc/avr/5.4.0/avr4\libgcc.a(_exit.o)
 .text          0x00000000        0x0 c:/program files (x86)/atmel/studio/7.0/toolchain/avr8/avr8-gnu-toolchain/bin/../lib/gcc/avr/5.4.0/avr4\libgcc.a(_copy_data.o)
 .data          0x00000000        0x0 c:/program files (x86)/atmel/studio/7.0/toolchain/avr8/avr8-gnu-toolchain/bin/../lib/gcc/avr/5.4.0/avr4\libgcc.a(_copy_data.o)
 .bss           0x00000000        0x0 c:/program files (x86)/atmel/studio/7.0/toolchain/avr8/avr8-gnu-toolchain/bin/../lib/gcc/avr/5.4.0/avr4\libgcc.a(_copy_data.o)
 .text.libgcc.mul
                0x00000000        0x0 c:/program files (x86)/atmel/studio/7.0/toolchain/avr8/avr8-gnu-toolchain/bin/../lib/gcc/avr/5.4.0/avr4\libgcc.a(_copy_data.o)
 .text.libgcc.div
                0x00000000        0x0 c:/program files (x86)/atmel/studio/7.0/toolchain/avr8/avr8-gnu-toolchain/bin/../lib/gcc/avr/5.4.0/avr4\libgcc.a(_copy_data.o)
 .text.libgcc   0x00000000        0x0 c:/program files (x86)/atmel/studio/7.0/toolchain/avr8/avr8-gnu-toolchain/bin/../lib/gcc/avr/5.4.0/avr4\libgcc.a(_copy_data.o)
 .text.libgcc.prologue
                0x00000000        0x0 c:/program files (x86)/atmel/studio/7.0/toolchain/avr8/avr8-gnu-toolchain/bin/../lib/gcc/avr/5.4.0/avr4\libgcc.a(_copy_data.o)
 .text.libgcc.builtins
                0x00000000        0x0 c:/program files (x86)/atmel/studio/7.0/toolchain/avr8/avr8-gnu-toolchain/bin/../lib/gcc/avr/5.4.0/avr4\libgcc.a(_copy_data.o)
 .text.libgcc.fmul
                0x00000000        0x0 c:/program files (x86)/atmel/studio/7.0/toolchain/avr8/avr8-gnu-toolchain/bin/../lib/gcc/avr/5.4.0/avr4\libgcc.a(_copy_data.o)
 .text.libgcc.fixed
                0x00000000        0x0 c:/program files (x86)/atmel/studio/7.0/toolchain/avr8/avr8-gnu-toolchain/bin/../lib/gcc/avr/5.4.0/avr4\libgcc.a(_copy_data.o)
 .text          0x00000000        0x0 c:/program files (x86)/atmel/studio/7.0/toolchain/avr8/avr8-gnu-toolchain/bin/../lib/gcc/avr/5.4.0/avr4\libgcc.a(_clear_bss.o)
 .data          0x00000000        0x0 c:/program files (x86)/atmel/studio/7.0/toolchain/avr8/avr8-gnu-toolchain/bin/../lib/gcc/avr/5.4.0/avr4\libgcc.a(_clear_bss.o)
 .bss           0x00000000        0x0 c:/program files (x86)/atmel/studio/7.0/toolchain/avr8/avr8-gnu-toolchain/bin/../lib/gcc/avr/5.4.0/avr4\libgcc.a(_clear_bss.o)
 .text.libgcc.mul
                0x00000000        0x0 c:/program files (x86)/atmel/studio/7.0/toolchain/avr8/avr8-gnu-toolchain/bin/../lib/gcc/avr/5.4.0/avr4\libgcc.a(_clear_bss.o)
 .text.libgcc.div
                0x00000000        0x0 c:/program files (x86)/atmel/studio/7.0/toolchain/avr8/avr8-gnu-toolchain/bin/../lib/gcc/avr/5.4.0/avr4\libgcc.a(_clear_bss.o)
 .text.libgcc   0x00000000        0x0 c:/program files (x86)/atmel/studio/7.0/toolchain/avr8/avr8-gnu-toolchain/bin/../lib/gcc/avr/5.4.0/avr4\libgcc.a(_clear_bss.o)
 .text.libgcc.prologue
                0x00000000        0x0 c:/program files (x86)/atmel/studio/7.0/toolchain/avr8/avr8-gnu-toolchain/bin/../lib/gcc/avr/5.4.0/avr4\libgcc.a(_clear_bss.o)
 .text.libgcc.builtins
                0x00000000        0x0 c:/program files (x86)/atmel/studio/7.0/toolchain/avr8/avr8-gnu-toolchain/bin/../lib/gcc/avr/5.4.0/avr4\libgcc.a(_clear_bss.o)
 .text.libgcc.fmul
                0x00000000        0x0 c:/program files (x86)/atmel/studio/7.0/toolchain/avr8/avr8-gnu-toolchain/bin/../lib/gcc/avr/5.4.0/avr4\libgcc.a(_clear_bss.o)
 .text.libgcc.fixed
                0x00000000        0x0 c:/program files (x86)/atmel/studio/7.0/toolchain/avr8/avr8-gnu-toolchain/bin/../lib/gcc/avr/5.4.0/avr4\libgcc.a(_clear_bss.o)
 .text          0x00000000        0x0 c:/program files (x86)/atmel/studio/7.0/toolchain/avr8/avr8-gnu-toolchain/bin/../lib/gcc/avr/5.4.0/../../../../avr/lib/avr4\libc.a(itoa_ncheck.o)
 .data          0x00000000        0x0 c:/program files (x86)/atmel/studio/7.0/toolchain/avr8/avr8-gnu-toolchain/bin/../lib/gcc/avr/5.4.0/../../../../avr/lib/avr4\libc.a(itoa_ncheck.o)
 .bss           0x00000000        0x0 c:/program files (x86)/atmel/studio/7.0/toolchain/avr8/avr8-gnu-toolchain/bin/../lib/gcc/avr/5.4.0/../../../../avr/lib/avr4\libc.a(itoa_ncheck.o)
 .text          0x00000000        0x0 c:/program files (x86)/atmel/studio/7.0/toolchain/avr8/avr8-gnu-toolchain/bin/../lib/gcc/avr/5.4.0/../../../../avr/lib/avr4\libc.a(utoa_ncheck.o)
 .data          0x00000000        0x0 c:/program files (x86)/atmel/studio/7.0/toolchain/avr8/avr8-gnu-toolchain/bin/../lib/gcc/avr/5.4.0/../../../../avr/lib/avr4\libc.a(utoa_ncheck.o)
 .bss           0x00000000        0x0 c:/program files (x86)/atmel/studio/7.0/toolchain/avr8/avr8-gnu-toolchain/bin/../lib/gcc/avr/5.4.0/../../../../avr/lib/avr4\libc.a(utoa_ncheck.o)
 .text          0x00000000        0x0 c:/program files (x86)/atmel/studio/7.0/toolchain/avr8/avr8-gnu-toolchain/bin/../lib/gcc/avr/5.4.0/../../../../avr/lib/avr4\libc.a(strrev.o)
 .data          0x00000000        0x0 c:/program files (x86)/atmel/studio/7.0/toolchain/avr8/avr8-gnu-toolchain/bin/../lib/gcc/avr/5.4.0/../../../../avr/lib/avr4\libc.a(strrev.o)
 .bss           0x00000000        0x0 c:/program files (x86)/atmel/studio/7.0/toolchain/avr8/avr8-gnu-toolchain/bin/../lib/gcc/avr/5.4.0/../../../../avr/lib/avr4\libc.a(strrev.o)

Memory Configuration

Name             Origin             Length             Attributes
text             0x00000000         0x00002000         xr
data             0x00800060         0x0000ffa0         rw !x
eeprom           0x00810000         0x00010000         rw !x
fuse             0x00820000         0x00000002         rw !x
lock             0x00830000         0x00000400         rw !x
signature        0x00840000         0x00000400         rw !x
user_signatures  0x00850000         0x00000400         rw !x
*default*        0x00000000         0xffffffff

Linker script and memory map

LOAD C:/Program Files (x86)/Atmel/Studio/7.0/Packs/Atmel/ATmega_DFP/1.3.300/gcc/dev/atmega8a/avr4/crtatmega8a.o
LOAD main.o
LOAD src/adc_basic.o
LOAD src/dcmotor.o
LOAD src/driver.o
LOAD src/kumeskapisi.o
LOAD src/system.o
LOAD src/test.o
LOAD src/uart.o
START GROUP
LOAD c:/program files (x86)/atmel/studio/7.0/toolchain/avr8/avr8-gnu-toolchain/bin/../lib/gcc/avr/5.4.0/../../../../avr/lib/avr4\libm.a
END GROUP
START GROUP
LOAD c:/program files (x86)/atmel/studio/7.0/toolchain/avr8/avr8-gnu-toolchain/bin/../lib/gcc/avr/5.4.0/avr4\libgcc.a
LOAD c:/program files (x86)/atmel/studio/7.0/toolchain/avr8/avr8-gnu-toolchain/bin/../lib/gcc/avr/5.4.0/../../../../avr/lib/avr4\libm.a
LOAD c:/program files (x86)/atmel/studio/7.0/toolchain/avr8/avr8-gnu-toolchain/bin/../lib/gcc/avr/5.4.0/../../../../avr/lib/avr4\libc.a
LOAD C:/Program Files (x86)/Atmel/Studio/7.0/Packs/Atmel/ATmega_DFP/1.3.300/gcc/dev/atmega8a/avr4\libatmega8a.a
END GROUP
                0x00002000                __TEXT_REGION_LENGTH__ = DEFINED (__TEXT_REGION_LENGTH__)?__TEXT_REGION_LENGTH__:0x2000
                0x0000ffa0                __DATA_REGION_LENGTH__ = DEFINED (__DATA_REGION_LENGTH__)?__DATA_REGION_LENGTH__:0xffa0
                0x00010000                __EEPROM_REGION_LENGTH__ = DEFINED (__EEPROM_REGION_LENGTH__)?__EEPROM_REGION_LENGTH__:0x10000
                [0x00000002]                __FUSE_REGION_LENGTH__ = DEFINED (__FUSE_REGION_LENGTH__)?__FUSE_REGION_LENGTH__:0x400
                0x00000400                __LOCK_REGION_LENGTH__ = DEFINED (__LOCK_REGION_LENGTH__)?__LOCK_REGION_LENGTH__:0x400
                0x00000400                __SIGNATURE_REGION_LENGTH__ = DEFINED (__SIGNATURE_REGION_LENGTH__)?__SIGNATURE_REGION_LENGTH__:0x400
                0x00000400                __USER_SIGNATURE_REGION_LENGTH__ = DEFINED (__USER_SIGNATURE_REGION_LENGTH__)?__USER_SIGNATURE_REGION_LENGTH__:0x400

.hash
 *(.hash)

.dynsym
 *(.dynsym)

.dynstr
 *(.dynstr)

.gnu.version
 *(.gnu.version)

.gnu.version_d
 *(.gnu.version_d)

.gnu.version_r
 *(.gnu.version_r)

.rel.init
 *(.rel.init)

.rela.init
 *(.rela.init)

.rel.text
 *(.rel.text)
 *(.rel.text.*)
 *(.rel.gnu.linkonce.t*)

.rela.text
 *(.rela.text)
 *(.rela.text.*)
 *(.rela.gnu.linkonce.t*)

.rel.fini
 *(.rel.fini)

.rela.fini
 *(.rela.fini)

.rel.rodata
 *(.rel.rodata)
 *(.rel.rodata.*)
 *(.rel.gnu.linkonce.r*)

.rela.rodata
 *(.rela.rodata)
 *(.rela.rodata.*)
 *(.rela.gnu.linkonce.r*)

.rel.data
 *(.rel.data)
 *(.rel.data.*)
 *(.rel.gnu.linkonce.d*)

.rela.data
 *(.rela.data)
 *(.rela.data.*)
 *(.rela.gnu.linkonce.d*)

.rel.ctors
 *(.rel.ctors)

.rela.ctors
 *(.rela.ctors)

.rel.dtors
 *(.rel.dtors)

.rela.dtors
 *(.rela.dtors)

.rel.got
 *(.rel.got)

.rela.got
 *(.rela.got)

.rel.bss
 *(.rel.bss)

.rela.bss
 *(.rela.bss)

.rel.plt
 *(.rel.plt)

.rela.plt
 *(.rela.plt)

.text           0x00000000      0x748
 *(.vectors)
 .vectors       0x00000000       0x26 C:/Program Files (x86)/Atmel/Studio/7.0/Packs/Atmel/ATmega_DFP/1.3.300/gcc/dev/atmega8a/avr4/crtatmega8a.o
                0x00000000                __vector_default
                0x00000000                __vectors
 *(.vectors)
 *(.progmem.gcc*)
                0x00000026                . = ALIGN (0x2)
                0x00000026                __trampolines_start = .
 *(.trampolines)
 .trampolines   0x00000026        0x0 linker stubs
 *(.trampolines*)
                0x00000026                __trampolines_end = .
 *libprintf_flt.a:*(.progmem.data)
 *libc.a:*(.progmem.data)
 *(.progmem*)
                0x00000026                . = ALIGN (0x2)
 *(.jumptables)
 *(.jumptables*)
 *(.lowtext)
 *(.lowtext*)
                0x00000026                __ctors_start = .
 *(.ctors)
                0x00000026                __ctors_end = .
                0x00000026                __dtors_start = .
 *(.dtors)
                0x00000026                __dtors_end = .
 SORT(*)(.ctors)
 SORT(*)(.dtors)
 *(.init0)
 .init0         0x00000026        0x0 C:/Program Files (x86)/Atmel/Studio/7.0/Packs/Atmel/ATmega_DFP/1.3.300/gcc/dev/atmega8a/avr4/crtatmega8a.o
                0x00000026                __init
 *(.init0)
 *(.init1)
 *(.init1)
 *(.init2)
 .init2         0x00000026        0xc C:/Program Files (x86)/Atmel/Studio/7.0/Packs/Atmel/ATmega_DFP/1.3.300/gcc/dev/atmega8a/avr4/crtatmega8a.o
 *(.init2)
 *(.init3)
 *(.init3)
 *(.init4)
 .init4         0x00000032       0x16 c:/program files (x86)/atmel/studio/7.0/toolchain/avr8/avr8-gnu-toolchain/bin/../lib/gcc/avr/5.4.0/avr4\libgcc.a(_copy_data.o)
                0x00000032                __do_copy_data
 .init4         0x00000048       0x10 c:/program files (x86)/atmel/studio/7.0/toolchain/avr8/avr8-gnu-toolchain/bin/../lib/gcc/avr/5.4.0/avr4\libgcc.a(_clear_bss.o)
                0x00000048                __do_clear_bss
 *(.init4)
 *(.init5)
 *(.init5)
 *(.init6)
 *(.init6)
 *(.init7)
 *(.init7)
 *(.init8)
 *(.init8)
 *(.init9)
 .init9         0x00000058        0x4 C:/Program Files (x86)/Atmel/Studio/7.0/Packs/Atmel/ATmega_DFP/1.3.300/gcc/dev/atmega8a/avr4/crtatmega8a.o
 *(.init9)
 *(.text)
 .text          0x0000005c        0x2 C:/Program Files (x86)/Atmel/Studio/7.0/Packs/Atmel/ATmega_DFP/1.3.300/gcc/dev/atmega8a/avr4/crtatmega8a.o
                0x0000005c                __bad_interrupt
                0x0000005c                __vector_3
                0x0000005c                __vector_13
                0x0000005c                __vector_17
                0x0000005c                __vector_7
                0x0000005c                __vector_5
                0x0000005c                __vector_4
                0x0000005c                __vector_2
                0x0000005c                __vector_15
                0x0000005c                __vector_8
                0x0000005c                __vector_14
                0x0000005c                __vector_10
                0x0000005c                __vector_16
                0x0000005c                __vector_18
                0x0000005e                . = ALIGN (0x2)
 *(.text.*)
 .text.main     0x0000005e        0xe main.o
                0x0000005e                main
 .text.ADC_init
                0x0000006c        0xe src/adc_basic.o
                0x0000006c                ADC_init
 .text.ADC_start_conversion
                0x0000007a       0x10 src/adc_basic.o
                0x0000007a                ADC_start_conversion
 .text.ADC_is_conversion_done
                0x0000008a        0x8 src/adc_basic.o
                0x0000008a                ADC_is_conversion_done
 .text.ADC_get_conversion_result
                0x00000092        0xa src/adc_basic.o
                0x00000092                ADC_get_conversion_result
 .text.ADC_get_conversion
                0x0000009c        0xe src/adc_basic.o
                0x0000009c                ADC_get_conversion
 .text.motor1_init
                0x000000aa        0xa src/dcmotor.o
                0x000000aa                motor1_init
 .text.motor2_init
                0x000000b4        0x8 src/dcmotor.o
                0x000000b4                motor2_init
 .text.motor1_geri
                0x000000bc        0x8 src/dcmotor.o
                0x000000bc                motor1_geri
 .text.motor1_ileri
                0x000000c4        0x8 src/dcmotor.o
                0x000000c4                motor1_ileri
 .text.motor1_dur
                0x000000cc        0x8 src/dcmotor.o
                0x000000cc                motor1_dur
 .text.motor1_enable
                0x000000d4        0x8 src/dcmotor.o
                0x000000d4                motor1_enable
 .text.led_init
                0x000000dc        0x4 src/driver.o
                0x000000dc                led_init
 .text.switch_Acik_Kapali_init
                0x000000e0        0xa src/driver.o
                0x000000e0                switch_Acik_Kapali_init
 .text.optik_Encoder_init
                0x000000ea       0x14 src/driver.o
                0x000000ea                optik_Encoder_init
 .text.optik_kapi_emniyeti_init
                0x000000fe        0x6 src/driver.o
                0x000000fe                optik_kapi_emniyeti_init
 .text.optik_Encoder_enable
                0x00000104        0x4 src/driver.o
                0x00000104                optik_Encoder_enable
 .text.optik_Encoder_disable
                0x00000108        0x4 src/driver.o
                0x00000108                optik_Encoder_disable
 .text.optik_kapi_emniyeti_enable
                0x0000010c        0x4 src/driver.o
                0x0000010c                optik_kapi_emniyeti_enable
 .text.optik_kapi_emniyeti_disable
                0x00000110        0x4 src/driver.o
                0x00000110                optik_kapi_emniyeti_disable
 .text.durum_optik_kapi_emniyeti
                0x00000114       0x10 src/driver.o
                0x00000114                durum_optik_kapi_emniyeti
 .text.ledAc    0x00000124        0x4 src/driver.o
                0x00000124                ledAc
 .text.ledKapat
                0x00000128        0x4 src/driver.o
                0x00000128                ledKapat
 .text.durum_switch_acik
                0x0000012c        0xc src/driver.o
                0x0000012c                durum_switch_acik
 .text.durum_switch_kapali
                0x00000138        0xe src/driver.o
                0x00000138                durum_switch_kapali
 .text.__vector_1
                0x00000146       0x36 src/driver.o
                0x00000146                __vector_1
 .text.gece_gunduz_algilama
                0x0000017c       0x50 src/kumeskapisi.o
                0x0000017c                gece_gunduz_algilama
 .text.kapiyi_kapat
                0x000001cc       0x1e src/kumeskapisi.o
                0x000001cc                kapiyi_kapat
 .text.kapiyi_ac
                0x000001ea       0x18 src/kumeskapisi.o
                0x000001ea                kapiyi_ac
 .text.kapi_acik_kapali_kontrolu
                0x00000202       0x30 src/kumeskapisi.o
                0x00000202                kapi_acik_kapali_kontrolu
 .text.kapiyi_otomatik_acma_kapatma
                0x00000232       0x10 src/kumeskapisi.o
                0x00000232                kapiyi_otomatik_acma_kapatma
 .text.switchDurumunaGoreSayacAyarlama
                0x00000242       0x50 src/kumeskapisi.o
                0x00000242                switchDurumunaGoreSayacAyarlama
 .text.emniyetTedbirleri
                0x00000292       0x52 src/kumeskapisi.o
                0x00000292                emniyetTedbirleri
 .text.calismaModlarininUygulanmasi
                0x000002e4       0x50 src/kumeskapisi.o
                0x000002e4                calismaModlarininUygulanmasi
 .text.anahtarKonumunaGoreSistemin_isletilmesi
                0x00000334       0x1c src/kumeskapisi.o
                0x00000334                anahtarKonumunaGoreSistemin_isletilmesi
 .text.motor1_sikisiklik_kontrolu
                0x00000350       0x40 src/kumeskapisi.o
                0x00000350                motor1_sikisiklik_kontrolu
 .text.led_komuta
                0x00000390       0x10 src/kumeskapisi.o
                0x00000390                led_komuta
 .text.uart_yazdir
                0x000003a0       0x92 src/kumeskapisi.o
                0x000003a0                uart_yazdir
 .text.zamanli_islemler
                0x00000432       0x48 src/kumeskapisi.o
                0x00000432                zamanli_islemler
 .text.powerSaveControl
                0x0000047a       0x10 src/system.o
                0x0000047a                powerSaveControl
 .text.devre_init
                0x0000048a       0x2e src/system.o
                0x0000048a                devre_init
 .text.WDT_init
                0x000004b8       0x12 src/system.o
                0x000004b8                WDT_init
 .text.timer0_init
                0x000004ca        0xe src/system.o
                0x000004ca                timer0_init
 .text.timer1_init
                0x000004d8       0x16 src/system.o
                0x000004d8                timer1_init
 .text.sistem_init
                0x000004ee       0x22 src/system.o
                0x000004ee                sistem_init
 .text.__vector_9
                0x00000510       0x72 src/system.o
                0x00000510                __vector_9
 .text.__vector_6
                0x00000582       0x2c src/system.o
                0x00000582                __vector_6
 .text.__vector_11
                0x000005ae       0x58 src/uart.o
                0x000005ae                __vector_11
 .text.__vector_12
                0x00000606       0x4a src/uart.o
                0x00000606                __vector_12
 .text.uart_init
                0x00000650       0x28 src/uart.o
                0x00000650                uart_init
 .text.uart_putc
                0x00000678       0x22 src/uart.o
                0x00000678                uart_putc
 .text.uart_puts
                0x0000069a       0x1c src/uart.o
                0x0000069a                uart_puts
 .text.libgcc.div
                0x000006b6       0x28 c:/program files (x86)/atmel/studio/7.0/toolchain/avr8/avr8-gnu-toolchain/bin/../lib/gcc/avr/5.4.0/avr4\libgcc.a(_udivmodhi4.o)
                0x000006b6                __udivmodhi4
 .text.avr-libc
                0x000006de       0x14 c:/program files (x86)/atmel/studio/7.0/toolchain/avr8/avr8-gnu-toolchain/bin/../lib/gcc/avr/5.4.0/../../../../avr/lib/avr4\libc.a(itoa_ncheck.o)
                0x000006de                __itoa_ncheck
 .text.avr-libc
                0x000006f2       0x32 c:/program files (x86)/atmel/studio/7.0/toolchain/avr8/avr8-gnu-toolchain/bin/../lib/gcc/avr/5.4.0/../../../../avr/lib/avr4\libc.a(utoa_ncheck.o)
                0x000006f2                __utoa_ncheck
                0x000006f4                __utoa_common
 .text.avr-libc
                0x00000724       0x20 c:/program files (x86)/atmel/studio/7.0/toolchain/avr8/avr8-gnu-toolchain/bin/../lib/gcc/avr/5.4.0/../../../../avr/lib/avr4\libc.a(strrev.o)
                0x00000724                strrev
                0x00000744                . = ALIGN (0x2)
 *(.fini9)
 .fini9         0x00000744        0x0 c:/program files (x86)/atmel/studio/7.0/toolchain/avr8/avr8-gnu-toolchain/bin/../lib/gcc/avr/5.4.0/avr4\libgcc.a(_exit.o)
                0x00000744                _exit
                0x00000744                exit
 *(.fini9)
 *(.fini8)
 *(.fini8)
 *(.fini7)
 *(.fini7)
 *(.fini6)
 *(.fini6)
 *(.fini5)
 *(.fini5)
 *(.fini4)
 *(.fini4)
 *(.fini3)
 *(.fini3)
 *(.fini2)
 *(.fini2)
 *(.fini1)
 *(.fini1)
 *(.fini0)
 .fini0         0x00000744        0x4 c:/program files (x86)/atmel/studio/7.0/toolchain/avr8/avr8-gnu-toolchain/bin/../lib/gcc/avr/5.4.0/avr4\libgcc.a(_exit.o)
 *(.fini0)
                0x00000748                _etext = .

.data           0x00800060        0x4 load address 0x00000748
                0x00800060                PROVIDE (__data_start, .)
 *(.data)
 *(.data*)
 *(.gnu.linkonce.d*)
 *(.rodata)
 *(.rodata*)
 .rodata.str1.1
                0x00800060        0x4 src/kumeskapisi.o
 *(.gnu.linkonce.r*)
                0x00800064                . = ALIGN (0x2)
                0x00800064                _edata = .
                0x00800064                PROVIDE (__data_end, .)

.bss            0x00800064       0x59
                0x00800064                PROVIDE (__bss_start, .)
 *(.bss)
 *(.bss*)
 .bss.UART_LastRxError
                0x00800064        0x1 src/uart.o
 .bss.UART_RxTail
                0x00800065        0x1 src/uart.o
 .bss.UART_RxHead
                0x00800066        0x1 src/uart.o
 .bss.UART_TxTail
                0x00800067        0x1 src/uart.o
 .bss.UART_TxHead
                0x00800068        0x1 src/uart.o
 .bss.UART_RxBuf
                0x00800069       0x20 src/uart.o
 .bss.UART_TxBuf
                0x00800089       0x20 src/uart.o
 *(COMMON)
 COMMON         0x008000a9       0x14 main.o
                0x008000a9                isikSeviyesi
                0x008000ab                sayac_motorAdim
                0x008000ac                sayacGece
                0x008000ad                ledPeriyot
                0x008000ae                motor1_sikisma
                0x008000af                sayacTest
                0x008000b0                birSaniye
                0x008000b1                durumLed
                0x008000b2                motor1_yon
                0x008000b3                sayacEmniyet
                0x008000b4                sayac_motor1_sikisma
                0x008000b5                motor1_sikisma_yon
                0x008000b6                calismaModu
                0x008000b7                sayactimer0
                0x008000b8                gunduzDurumu
                0x008000b9                durum0
                0x008000ba                onceki_sayac_motorAdim
                0x008000bb                sayacGunduz
                0x008000bc                anahtarKonumu
                0x008000bd                PROVIDE (__bss_end, .)
                0x00000748                __data_load_start = LOADADDR (.data)
                0x0000074c                __data_load_end = (__data_load_start + SIZEOF (.data))

.noinit         0x008000bd        0x0
                [!provide]                PROVIDE (__noinit_start, .)
 *(.noinit*)
                [!provide]                PROVIDE (__noinit_end, .)
                0x008000bd                _end = .
                [!provide]                PROVIDE (__heap_start, .)

.eeprom         0x00810000        0x0
 *(.eeprom*)
                0x00810000                __eeprom_end = .

.fuse
 *(.fuse)
 *(.lfuse)
 *(.hfuse)
 *(.efuse)

.lock
 *(.lock*)

.signature
 *(.signature*)

.user_signatures
 *(.user_signatures*)

.stab
 *(.stab)

.stabstr
 *(.stabstr)

.stab.excl
 *(.stab.excl)

.stab.exclstr
 *(.stab.exclstr)

.stab.index
 *(.stab.index)

.stab.indexstr
 *(.stab.indexstr)

.comment        0x00000000       0x30
 *(.comment)
 .comment       0x00000000       0x30 main.o
                                 0x31 (size before relaxing)
 .comment       0x00000030       0x31 src/adc_basic.o
 .comment       0x00000030       0x31 src/dcmotor.o
 .comment       0x00000030       0x31 src/driver.o
 .comment       0x00000030       0x31 src/kumeskapisi.o
 .comment       0x00000030       0x31 src/system.o
 .comment       0x00000030       0x31 src/uart.o

.note.gnu.avr.deviceinfo
                0x00000000       0x3c
 .note.gnu.avr.deviceinfo
                0x00000000       0x3c C:/Program Files (x86)/Atmel/Studio/7.0/Packs/Atmel/ATmega_DFP/1.3.300/gcc/dev/atmega8a/avr4/crtatmega8a.o

.note.gnu.build-id
 *(.note.gnu.build-id)

.debug
 *(.debug)

.line
 *(.line)

.debug_srcinfo
 *(.debug_srcinfo)

.debug_sfnames
 *(.debug_sfnames)

.debug_aranges  0x00000000      0x2a8
 *(.debug_aranges)
 .debug_aranges
                0x00000000       0x20 main.o
 .debug_aranges
                0x00000020       0x58 src/adc_basic.o
 .debug_aranges
                0x00000078       0x78 src/dcmotor.o
 .debug_aranges
                0x000000f0       0x88 src/driver.o
 .debug_aranges
                0x00000178       0x80 src/kumeskapisi.o
 .debug_aranges
                0x000001f8       0x60 src/system.o
 .debug_aranges
                0x00000258       0x50 src/uart.o

.debug_pubnames
 *(.debug_pubnames)

.debug_info     0x00000000     0x1e90
 *(.debug_info .gnu.linkonce.wi.*)
 .debug_info    0x00000000      0x48c C:/Program Files (x86)/Atmel/Studio/7.0/Packs/Atmel/ATmega_DFP/1.3.300/gcc/dev/atmega8a/avr4/crtatmega8a.o
 .debug_info    0x0000048c      0x2a1 main.o
 .debug_info    0x0000072d      0x349 src/adc_basic.o
 .debug_info    0x00000a76      0x178 src/dcmotor.o
 .debug_info    0x00000bee      0x346 src/driver.o
 .debug_info    0x00000f34      0x836 src/kumeskapisi.o
 .debug_info    0x0000176a      0x41c src/system.o
 .debug_info    0x00001b86      0x30a src/uart.o

.debug_abbrev   0x00000000      0xaaf
 *(.debug_abbrev)
 .debug_abbrev  0x00000000      0x44e C:/Program Files (x86)/Atmel/Studio/7.0/Packs/Atmel/ATmega_DFP/1.3.300/gcc/dev/atmega8a/avr4/crtatmega8a.o
 .debug_abbrev  0x0000044e       0x86 main.o
 .debug_abbrev  0x000004d4      0x10a src/adc_basic.o
 .debug_abbrev  0x000005de       0x67 src/dcmotor.o
 .debug_abbrev  0x00000645       0x90 src/driver.o
 .debug_abbrev  0x000006d5      0x1b7 src/kumeskapisi.o
 .debug_abbrev  0x0000088c      0x103 src/system.o
 .debug_abbrev  0x0000098f      0x120 src/uart.o

.debug_line     0x00000000     0x11f8
 *(.debug_line .debug_line.* .debug_line_end)
 .debug_line    0x00000000      0x109 C:/Program Files (x86)/Atmel/Studio/7.0/Packs/Atmel/ATmega_DFP/1.3.300/gcc/dev/atmega8a/avr4/crtatmega8a.o
 .debug_line    0x00000109      0x105 main.o
 .debug_line    0x0000020e      0x1c4 src/adc_basic.o
 .debug_line    0x000003d2      0x20e src/dcmotor.o
 .debug_line    0x000005e0      0x24e src/driver.o
 .debug_line    0x0000082e      0x4a2 src/kumeskapisi.o
 .debug_line    0x00000cd0      0x300 src/system.o
 .debug_line    0x00000fd0      0x228 src/uart.o

.debug_frame    0x00000000      0x53c
 *(.debug_frame)
 .debug_frame   0x00000000       0x24 main.o
 .debug_frame   0x00000024       0x94 src/adc_basic.o
 .debug_frame   0x000000b8       0xd4 src/dcmotor.o
 .debug_frame   0x0000018c      0x104 src/driver.o
 .debug_frame   0x00000290       0xf4 src/kumeskapisi.o
 .debug_frame   0x00000384       0xd8 src/system.o
 .debug_frame   0x0000045c       0xe0 src/uart.o

.debug_str      0x00000000      0x931
 *(.debug_str)
 .debug_str     0x00000000      0x17a C:/Program Files (x86)/Atmel/Studio/7.0/Packs/Atmel/ATmega_DFP/1.3.300/gcc/dev/atmega8a/avr4/crtatmega8a.o
 .debug_str     0x0000017a      0x2a8 main.o
                                0x307 (size before relaxing)
 .debug_str     0x00000422       0xc2 src/adc_basic.o
                                0x348 (size before relaxing)
 .debug_str     0x000004e4       0xad src/dcmotor.o
                                0x204 (size before relaxing)
 .debug_str     0x00000591      0x119 src/driver.o
                                0x39f (size before relaxing)
 .debug_str     0x000006aa      0x124 src/kumeskapisi.o
                                0x509 (size before relaxing)
 .debug_str     0x000007ce       0x8a src/system.o
                                0x3a6 (size before relaxing)
 .debug_str     0x00000858       0xd9 src/uart.o
                                0x25f (size before relaxing)

.debug_loc      0x00000000      0x53e
 *(.debug_loc)
 .debug_loc     0x00000000       0x42 src/adc_basic.o
 .debug_loc     0x00000042       0x3c src/driver.o
 .debug_loc     0x0000007e       0xfa src/kumeskapisi.o
 .debug_loc     0x00000178       0xc0 src/system.o
 .debug_loc     0x00000238      0x306 src/uart.o

.debug_macinfo
 *(.debug_macinfo)

.debug_weaknames
 *(.debug_weaknames)

.debug_funcnames
 *(.debug_funcnames)

.debug_typenames
 *(.debug_typenames)

.debug_varnames
 *(.debug_varnames)

.debug_pubtypes
 *(.debug_pubtypes)

.debug_ranges   0x00000000      0x250
 *(.debug_ranges)
 .debug_ranges  0x00000000       0x10 main.o
 .debug_ranges  0x00000010       0x48 src/adc_basic.o
 .debug_ranges  0x00000058       0x68 src/dcmotor.o
 .debug_ranges  0x000000c0       0x78 src/driver.o
 .debug_ranges  0x00000138       0x70 src/kumeskapisi.o
 .debug_ranges  0x000001a8       0x50 src/system.o
 .debug_ranges  0x000001f8       0x58 src/uart.o

.debug_macro
 *(.debug_macro)
OUTPUT(Atmega8A_KumesKapisi.elf elf32-avr)
LOAD linker stubs
